============================= test session starts ==============================
platform linux -- Python 3.12.3, pytest-9.0.2, pluggy-1.6.0 -- /usr/bin/python
cachedir: .pytest_cache
PySide6 6.10.2 -- Qt runtime 6.10.2 -- Qt compiled 6.10.2
rootdir: /home/runner/work/iPhotron-LocalPhotoAlbumManager/iPhotron-LocalPhotoAlbumManager
configfile: pytest.ini (WARNING: ignoring pytest config in pyproject.toml!)
plugins: mock-3.15.1, qt-4.5.0
collecting ... collected 114 items / 1 error

==================================== ERRORS ====================================
__________ ERROR collecting tests/gui/ui/models/test_backpressure.py ___________
ImportError while importing test module '/home/runner/work/iPhotron-LocalPhotoAlbumManager/iPhotron-LocalPhotoAlbumManager/tests/gui/ui/models/test_backpressure.py'.
Hint: make sure your test modules/packages have valid Python names.
Traceback:
/usr/lib/python3.12/importlib/__init__.py:90: in import_module
    return _bootstrap._gcd_import(name[level:], package, level)
           ^^^^^^^^^^^^^^^^^^^^^^^^^^^^^^^^^^^^^^^^^^^^^^^^^^^^
tests/gui/ui/models/test_backpressure.py:7: in <module>
    from iPhoto.gui.ui.models.asset_list.controller import AssetListController
E   ModuleNotFoundError: No module named 'iPhoto.gui.ui.models.asset_list'
=============================== warnings summary ===============================
../../../.local/lib/python3.12/site-packages/_pytest/config/__init__.py:1428
  /home/runner/.local/lib/python3.12/site-packages/_pytest/config/__init__.py:1428: PytestConfigWarning: Unknown config option: env
  
    self._warn_or_fail_if_strict(f"Unknown config option: {key}\n")

src/iPhoto/core/pairing.py:13
  /home/runner/work/iPhotron-LocalPhotoAlbumManager/iPhotron-LocalPhotoAlbumManager/src/iPhoto/core/pairing.py:13: DeprecationWarning: iPhoto.models.types is deprecated. Use iPhoto.domain.models.core instead.
    from ..models.types import LiveGroup

src/iPhoto/app.py:24
  /home/runner/work/iPhotron-LocalPhotoAlbumManager/iPhotron-LocalPhotoAlbumManager/src/iPhoto/app.py:24: DeprecationWarning: iPhoto.models.album is deprecated. Use iPhoto.domain.models.core instead.
    from .models.album import Album

-- Docs: https://docs.pytest.org/en/stable/how-to/capture-warnings.html
=========================== short test summary info ============================
ERROR tests/gui/ui/models/test_backpressure.py
!!!!!!!!!!!!!!!!!!!!!!!!!! stopping after 1 failures !!!!!!!!!!!!!!!!!!!!!!!!!!!
========================= 3 warnings, 1 error in 2.23s =========================
